\BOOKMARK [2][]{Outline0.1}{F\(V\), G\(P\) and pressure of intersection. Thermal evolution}{}% 1
\BOOKMARK [2][]{Outline0.2}{Shapes of G, F, E}{}% 2
\BOOKMARK [2][]{Outline0.3}{Shape of H\(P;T\)}{}% 3
\BOOKMARK [2][]{Outline0.4}{Phase Boundary}{}% 4
